// Jest Snapshot v1, https://goo.gl/fbAQLP

exports[`CarModalForm should match with snapshot 1`] = `null`;
